<input type="hidden" name="_token" value="...">-field
